../Core/Src/main.c:75:6:HAL_TIM_IC_CaptureCallback	16	static
../Core/Src/main.c:92:5:main	8	static
../Core/Src/main.c:144:6:SystemClock_Config	88	static
../Core/Src/main.c:193:13:MX_I2C1_Init	8	static
../Core/Src/main.c:227:13:MX_I2S3_Init	8	static
../Core/Src/main.c:261:13:MX_SPI1_Init	8	static
../Core/Src/main.c:299:13:MX_TIM2_Init	72	static
../Core/Src/main.c:371:13:MX_DMA_Init	16	static
../Core/Src/main.c:389:13:MX_GPIO_Init	56	static
../Core/Src/main.c:496:6:Error_Handler	4	static,ignoring_inline_asm
